Check list of images:
$ docker image ls

Check list of containers:
$ docker container ls

Build image from Dockerfile:
$ docker build -t {tagname-for-image} {path/to/Dockerfile/Directory} (not including dockerfile itself

Run container from image:
$ docker run tagname
    - --rm to remove container after running 
    - --name {name-of-container} to name container. Else random name like jumping-wolf will be made

Remove image 
$ docker image rm {image-name}
    - $ docker image prune (removes all images)

Remove container
$ docker container rm (container-name) (can remove multiple with space-separated list)

To run python container:
1) Navigate to ./Dockerfiles/python
2) $ docker build -t python-twitter ./
3) $ docker run --rm python-twitter

    -- Expect to see twitter api authentication success or failed (auth properties are hardcoded for now) --
